==============================================================================
SSC PYQ DATABASE AUDIT
==============================================================================
database           : database
directories        : 1080
files              : 3101
subject leaves     : 841
pointer records    : 138634
taxonomy loaded    : True

rules
  1 duplicated nesting levels
  2 stray chapter-level index.md next to a same-named child
  3 cross-subject vocabulary in an English leaf
  4 empty/None slugs and record identity
  5 a question filed in two concept leaves
  6 leaf concept not declared by its chapter (and not under _other/)
  7 case-only leaf collisions and silently overwritten packs

warnings
  ! 1 qid(s) are reused by the source papers for different questions and therefore appear in more than one leaf (e.g. 6263156db633f426ea23fd96: reasoning/logical-reasoning, reasoning/seating-arrangement).  Each question still lives in exactly one leaf; the ids themselves are not unique in the raw corpus.

VIOLATIONS: 0
RESULT: PASS
==============================================================================
